This is pdfTeX, Version 3.141592653-2.6-1.40.29 (TeX Live 2026) (preloaded format=pdflatex 2026.7.9)  18 JUL 2026 03:54
entering extended mode
 restricted \write18 enabled.
 file:line:error style messages enabled.
 %&-line parsing enabled.
**/data0/yejinxuan/workspace/CEBNet/AuthorKit27/AnonymousSubmission2027.tex
(/data0/yejinxuan/workspace/CEBNet/AuthorKit27/AnonymousSubmission2027.tex
LaTeX2e <2026-06-01>
L3 programming layer <2026-06-18>
(/data0/yejinxuan/software/TinyTeX/.TinyTeX/texmf-dist/tex/latex/base/article.cls
Document Class: article 2025/01/22 v1.4n Standard LaTeX document class
(/data0/yejinxuan/software/TinyTeX/.TinyTeX/texmf-dist/tex/latex/base/size10.clo
File: size10.clo 2025/01/22 v1.4n Standard LaTeX file (size option)
)
\c@part=\count276
\c@section=\count277
\c@subsection=\count278
\c@subsubsection=\count279
\c@paragraph=\count280
\c@subparagraph=\count281
\c@figure=\count282
\c@table=\count283
\abovecaptionskip=\skip49
\belowcaptionskip=\skip50
\bibindent=\dimen150
) (./aaai2027.sty
Package: aaai2027 2027/05/04 AAAI 2027 Submission format

Conference Style for AAAI for LaTeX 2e
(/data0/yejinxuan/software/TinyTeX/.TinyTeX/texmf-dist/tex/generic/iftex/iftex.sty
Package: iftex 2024/12/12 v1.0g TeX engine tests
) (/data0/yejinxuan/software/TinyTeX/.TinyTeX/texmf-dist/tex/latex/base/fontenc.sty
Package: fontenc 2025/07/18 v2.1d Standard LaTeX package
) (/data0/yejinxuan/software/TinyTeX/.TinyTeX/texmf-dist/tex/latex/newtx/newtxtext.sty
Package: newtxtext 2024/04/01 v1.744(Michael Sharpe) latex and unicode latex support for TeXGyreTermesX
 `newtxtext' v1.744, 2024/04/01 Text macros taking advantage of TeXGyre Termes and its extensions (msharpe) (/data0/yejinxuan/software/TinyTeX/.TinyTeX/texmf-dist/tex/latex/xpatch/xpatch.sty (/data0/yejinxuan/software/TinyTeX/.TinyTeX/texmf-dist/tex/latex/l3kernel/expl3.sty
Package: expl3 2026-06-18 L3 programming layer (loader) 
 (/data0/yejinxuan/software/TinyTeX/.TinyTeX/texmf-dist/tex/latex/l3backend/l3backend-pdftex.def
File: l3backend-pdftex.def 2026-02-18 L3 backend support: PDF output (pdfTeX)
\l__color_backend_stack_int=\count284
))
Package: xpatch 2020/03/25 v0.3a Extending etoolbox patching commands
 (/data0/yejinxuan/software/TinyTeX/.TinyTeX/texmf-dist/tex/latex/l3packages/xparse/xparse.sty
Package: xparse 2025-10-09 L3 Experimental document command parser
) (/data0/yejinxuan/software/TinyTeX/.TinyTeX/texmf-dist/tex/latex/etoolbox/etoolbox.sty
Package: etoolbox 2025/10/02 v2.5m e-TeX tools for LaTeX (JAW)
\etb@tempcnta=\count285
)) (/data0/yejinxuan/software/TinyTeX/.TinyTeX/texmf-dist/tex/latex/xcolor/xcolor.sty
Package: xcolor 2024/09/29 v3.02 LaTeX color extensions (UK)
 (/data0/yejinxuan/software/TinyTeX/.TinyTeX/texmf-dist/tex/latex/graphics-cfg/color.cfg
File: color.cfg 2016/01/02 v1.6 sample color configuration
)
Package xcolor Info: Driver file: pdftex.def on input line 274.
 (/data0/yejinxuan/software/TinyTeX/.TinyTeX/texmf-dist/tex/latex/graphics-def/pdftex.def
File: pdftex.def 2025/09/29 v1.2d Graphics/color driver for pdftex
) (/data0/yejinxuan/software/TinyTeX/.TinyTeX/texmf-dist/tex/latex/graphics/mathcolor.ltx)
Package xcolor Info: Model `cmy' substituted by `cmy0' on input line 1349.
Package xcolor Info: Model `hsb' substituted by `rgb' on input line 1353.
Package xcolor Info: Model `RGB' extended on input line 1365.
Package xcolor Info: Model `HTML' substituted by `rgb' on input line 1367.
Package xcolor Info: Model `Hsb' substituted by `hsb' on input line 1368.
Package xcolor Info: Model `tHsb' substituted by `hsb' on input line 1369.
Package xcolor Info: Model `HSB' substituted by `hsb' on input line 1370.
Package xcolor Info: Model `Gray' substituted by `gray' on input line 1371.
Package xcolor Info: Model `wave' substituted by `hsb' on input line 1372.
) (/data0/yejinxuan/software/TinyTeX/.TinyTeX/texmf-dist/tex/latex/xkeyval/xkeyval.sty
Package: xkeyval 2025/11/04 v2.10 package option processing (HA)
 (/data0/yejinxuan/software/TinyTeX/.TinyTeX/texmf-dist/tex/generic/xkeyval/xkeyval.tex (/data0/yejinxuan/software/TinyTeX/.TinyTeX/texmf-dist/tex/generic/xkeyval/xkvutils.tex
\XKV@toks=\toks17
\XKV@tempa@toks=\toks18
\XKV@tempb@toks=\toks19
 (/data0/yejinxuan/software/TinyTeX/.TinyTeX/texmf-dist/tex/generic/xkeyval/keyval.tex))
\XKV@depth=\count286
File: xkeyval.tex 2014/12/03 v2.7a key=value parser (HA)
)) (/data0/yejinxuan/software/TinyTeX/.TinyTeX/texmf-dist/tex/latex/base/textcomp.sty
Package: textcomp 2024/04/24 v2.1b Standard LaTeX package
) (/data0/yejinxuan/software/TinyTeX/.TinyTeX/texmf-dist/tex/generic/xstring/xstring.sty (/data0/yejinxuan/software/TinyTeX/.TinyTeX/texmf-dist/tex/generic/xstring/xstring.tex
\xs_counta=\count287
\xs_countb=\count288
)
Package: xstring 2023/08/22 v1.86 String manipulations (CT)
) (/data0/yejinxuan/software/TinyTeX/.TinyTeX/texmf-dist/tex/latex/base/ifthen.sty
Package: ifthen 2024/03/16 v1.1e Standard LaTeX ifthen package (DPC)
) (/data0/yejinxuan/software/TinyTeX/.TinyTeX/texmf-dist/tex/latex/carlisle/scalefnt.sty)
LaTeX Font Info:    Setting ntxLF sub-encoding to TS1/0 on input line 24.
LaTeX Font Info:    Setting ntxTLF sub-encoding to TS1/0 on input line 24.
LaTeX Font Info:    Setting ntxOsF sub-encoding to TS1/0 on input line 24.
LaTeX Font Info:    Setting ntxTOsF sub-encoding to TS1/0 on input line 24.
 (/data0/yejinxuan/software/TinyTeX/.TinyTeX/texmf-dist/tex/generic/kastrup/binhex.tex)
\ntx@tmpcnta=\count289
\ntx@cnt=\count290
 (/data0/yejinxuan/software/TinyTeX/.TinyTeX/texmf-dist/tex/latex/fontaxes/fontaxes.sty
Package: fontaxes 2026-01-02 v2.0.2 Font selection axes (deprecated)
Applying: [2024-11-01] Use figureversions if present on input line 74.
 (/data0/yejinxuan/software/TinyTeX/.TinyTeX/texmf-dist/tex/latex/figureversions/figureversions.sty
Package: figureversions 2025-04-29 v1.0.1 Figure versions
)
Already applied: [0000-00-00] Fall back to v1 on input line 76.
)
\tx@sixem=\dimen151
\tx@y=\dimen152
\tx@x=\dimen153
\tx@tmpdima=\dimen154
\tx@tmpdimb=\dimen155
\tx@tmpdimc=\dimen156
\tx@tmpdimd=\dimen157
\tx@tmpdime=\dimen158
\tx@tmpdimf=\dimen159
\tx@dimA=\dimen160
\tx@dimAA=\dimen161
\tx@dimB=\dimen162
\tx@dimBB=\dimen163
\tx@dimC=\dimen164
LaTeX Info: Redefining \oldstylenums on input line 902.
) (/data0/yejinxuan/software/TinyTeX/.TinyTeX/texmf-dist/tex/latex/psnfss/helvet.sty
Package: helvet 2020/03/25 PSNFSS-v9.3 (WaS) 
) (/data0/yejinxuan/software/TinyTeX/.TinyTeX/texmf-dist/tex/latex/psnfss/courier.sty
Package: courier 2020/03/25 PSNFSS-v9.3 (WaS) 
) (/data0/yejinxuan/software/TinyTeX/.TinyTeX/texmf-dist/tex/latex/placeins/placeins.sty
Package: placeins 2005/04/18  v 2.2
)
\titlebox=\skip51
\aaai@thanksins=\insert252
\aaai@copyrightins=\insert251
) (/data0/yejinxuan/software/TinyTeX/.TinyTeX/texmf-dist/tex/latex/url/url.sty
\Urlmuskip=\muskip17
Package: url 2013/09/16  ver 3.4  Verb mode for urls, etc.
) (/data0/yejinxuan/software/TinyTeX/.TinyTeX/texmf-dist/tex/latex/graphics/graphicx.sty
Package: graphicx 2026-05-17 v1.2e Enhanced LaTeX Graphics (DPC,SPQR)
 (/data0/yejinxuan/software/TinyTeX/.TinyTeX/texmf-dist/tex/latex/graphics/graphics.sty
Package: graphics 2026-05-17 v1.4h Standard LaTeX Graphics (DPC,SPQR)
 (/data0/yejinxuan/software/TinyTeX/.TinyTeX/texmf-dist/tex/latex/graphics/trig.sty
Package: trig 2023/12/02 v1.11 sin cos tan (DPC)
) (/data0/yejinxuan/software/TinyTeX/.TinyTeX/texmf-dist/tex/latex/graphics-cfg/graphics.cfg
File: graphics.cfg 2016/06/04 v1.11 sample graphics configuration
)
Package graphics Info: Driver file: pdftex.def on input line 106.
)
\Gin@req@height=\dimen165
\Gin@req@width=\dimen166
) (/data0/yejinxuan/software/TinyTeX/.TinyTeX/texmf-dist/tex/latex/natbib/natbib.sty
Package: natbib 2010/09/13 8.31b (PWD, AO)
\bibhang=\skip52
\bibsep=\skip53
LaTeX Info: Redefining \cite on input line 694.
\c@NAT@ctr=\count291
) (/data0/yejinxuan/software/TinyTeX/.TinyTeX/texmf-dist/tex/latex/caption/caption.sty
Package: caption 2023/08/05 v3.6o Customizing captions (AR)
 (/data0/yejinxuan/software/TinyTeX/.TinyTeX/texmf-dist/tex/latex/caption/caption3.sty
Package: caption3 2023/07/31 v2.4d caption3 kernel (AR)
\caption@tempdima=\dimen167
\captionmargin=\dimen168
\caption@leftmargin=\dimen169
\caption@rightmargin=\dimen170
\caption@width=\dimen171
\caption@indent=\dimen172
\caption@parindent=\dimen173
\caption@hangindent=\dimen174
Package caption Info: Standard document class detected.
)
\c@caption@flags=\count292
\c@continuedfloat=\count293
) (/data0/yejinxuan/software/TinyTeX/.TinyTeX/texmf-dist/tex/latex/algorithms/algorithm.sty
Package: algorithm 2009/08/24 v0.1 Document Style `algorithm' - floating environment
 (/data0/yejinxuan/software/TinyTeX/.TinyTeX/texmf-dist/tex/latex/float/float.sty
Package: float 2001/11/08 v1.3d Float enhancements (AL)
\c@float@type=\count294
\float@exts=\toks20
\float@box=\box53
\@float@everytoks=\toks21
\@floatcapt=\box54
)
\@float@every@algorithm=\toks22
\c@algorithm=\count295
) (/data0/yejinxuan/software/TinyTeX/.TinyTeX/texmf-dist/tex/latex/algorithms/algorithmic.sty
Package: algorithmic 2009/08/24 v0.1 Document Style `algorithmic'
\c@ALC@unique=\count296
\c@ALC@line=\count297
\c@ALC@rem=\count298
\c@ALC@depth=\count299
\ALC@tlm=\skip54
\algorithmicindent=\skip55
) (/data0/yejinxuan/software/TinyTeX/.TinyTeX/texmf-dist/tex/latex/newfloat/newfloat.sty
Package: newfloat 2023/10/01 v1.2 Defining new floating environments (AR)
) (/data0/yejinxuan/software/TinyTeX/.TinyTeX/texmf-dist/tex/latex/listings/listings.sty
\lst@mode=\count300
\lst@gtempboxa=\box55
\lst@token=\toks23
\lst@length=\count301
\lst@currlwidth=\dimen175
\lst@column=\count302
\lst@pos=\count303
\lst@lostspace=\dimen176
\lst@width=\dimen177
\lst@newlines=\count304
\lst@lineno=\count305
\lst@maxwidth=\dimen178
 (/data0/yejinxuan/software/TinyTeX/.TinyTeX/texmf-dist/tex/latex/listings/lstpatch.sty
File: lstpatch.sty 2025/11/14 1.11b (Carsten Heinz)
) (/data0/yejinxuan/software/TinyTeX/.TinyTeX/texmf-dist/tex/latex/listings/lstmisc.sty
File: lstmisc.sty 2025/11/14 1.11b (Carsten Heinz)
\c@lstnumber=\count306
\lst@skipnumbers=\count307
\lst@framebox=\box56
) (/data0/yejinxuan/software/TinyTeX/.TinyTeX/texmf-dist/tex/latex/listings/listings.cfg
File: listings.cfg 2025/11/14 1.11b listings configuration
))
Package: listings 2025/11/14 1.11b (Carsten Heinz)
\@float@every@listing=\toks24
\c@listing=\count308
 (/data0/yejinxuan/software/TinyTeX/.TinyTeX/texmf-dist/tex/latex/booktabs/booktabs.sty
Package: booktabs 2020/01/12 v1.61803398 Publication quality tables
\heavyrulewidth=\dimen179
\lightrulewidth=\dimen180
\cmidrulewidth=\dimen181
\belowrulesep=\dimen182
\belowbottomsep=\dimen183
\aboverulesep=\dimen184
\abovetopsep=\dimen185
\cmidrulesep=\dimen186
\cmidrulekern=\dimen187
\defaultaddspace=\dimen188
\@cmidla=\count309
\@cmidlb=\count310
\@aboverulesep=\dimen189
\@belowrulesep=\dimen190
\@thisruleclass=\count311
\@lastruleclass=\count312
\@thisrulewidth=\dimen191
) (/data0/yejinxuan/software/TinyTeX/.TinyTeX/texmf-dist/tex/latex/amscls/amsthm.sty
Package: amsthm 2020/05/29 v2.20.6
\thm@style=\toks25
\thm@bodyfont=\toks26
\thm@headfont=\toks27
\thm@notefont=\toks28
\thm@headpunct=\toks29
\thm@preskip=\skip56
\thm@postskip=\skip57
\thm@headsep=\skip58
\dth@everypar=\toks30
) (/data0/yejinxuan/software/TinyTeX/.TinyTeX/texmf-dist/tex/latex/amsmath/amsmath.sty
Package: amsmath 2026/05/19 v2.18d AMS math features
\@mathmargin=\skip59

For additional information on amsmath, use the `?' option.
(/data0/yejinxuan/software/TinyTeX/.TinyTeX/texmf-dist/tex/latex/amsmath/amstext.sty
Package: amstext 2024/11/17 v2.01 AMS text
 (/data0/yejinxuan/software/TinyTeX/.TinyTeX/texmf-dist/tex/latex/amsmath/amsgen.sty
File: amsgen.sty 1999/11/30 v2.0 generic functions
\@emptytoks=\toks31
\ex@=\dimen192
)) (/data0/yejinxuan/software/TinyTeX/.TinyTeX/texmf-dist/tex/latex/amsmath/amsbsy.sty
Package: amsbsy 1999/11/29 v1.2d Bold Symbols
\pmbraise@=\dimen193
) (/data0/yejinxuan/software/TinyTeX/.TinyTeX/texmf-dist/tex/latex/amsmath/amsopn.sty
Package: amsopn 2022/04/08 v2.04 operator names
)
\inf@bad=\count313
LaTeX Info: Redefining \frac on input line 233.
\uproot@=\count314
\leftroot@=\count315
LaTeX Info: Redefining \overline on input line 398.
LaTeX Info: Redefining \colon on input line 409.
\classnum@=\count316
\DOTSCASE@=\count317
LaTeX Info: Redefining \ldots on input line 495.
LaTeX Info: Redefining \dots on input line 498.
LaTeX Info: Redefining \cdots on input line 619.
\Mathstrutbox@=\box57
\strutbox@=\box58
LaTeX Info: Redefining \big on input line 721.
LaTeX Info: Redefining \Big on input line 722.
LaTeX Info: Redefining \bigg on input line 723.
LaTeX Info: Redefining \Bigg on input line 724.
\big@size=\dimen194
LaTeX Font Info:    Redeclaring font encoding OML on input line 742.
LaTeX Font Info:    Redeclaring font encoding OMS on input line 743.
\macc@depth=\count318
LaTeX Info: Redefining \bmod on input line 904.
LaTeX Info: Redefining \pmod on input line 909.
LaTeX Info: Redefining \smash on input line 939.
LaTeX Info: Redefining \relbar on input line 969.
LaTeX Info: Redefining \Relbar on input line 970.
\c@MaxMatrixCols=\count319
\dotsspace@=\muskip18
\c@parentequation=\count320
\dspbrk@lvl=\count321
\tag@help=\toks32
\row@=\count322
\column@=\count323
\maxfields@=\count324
\andhelp@=\toks33
\eqnshift@=\dimen195
\alignsep@=\dimen196
\tagshift@=\dimen197
\tagwidth@=\dimen198
\totwidth@=\dimen199
\lineht@=\dimen256
\@envbody=\toks34
\multlinegap=\skip60
\multlinetaggap=\skip61
\mathdisplay@stack=\toks35
LaTeX Info: Redefining \[ on input line 2965.
LaTeX Info: Redefining \] on input line 2966.
) (/data0/yejinxuan/software/TinyTeX/.TinyTeX/texmf-dist/tex/latex/amsfonts/amssymb.sty
Package: amssymb 2013/01/14 v3.01 AMS font symbols
 (/data0/yejinxuan/software/TinyTeX/.TinyTeX/texmf-dist/tex/latex/amsfonts/amsfonts.sty
Package: amsfonts 2013/01/14 v3.01 Basic AMSFonts support
\symAMSa=\mathgroup4
\symAMSb=\mathgroup5
LaTeX Font Info:    Redeclaring math symbol \hbar on input line 98.
LaTeX Font Info:    Overwriting math alphabet `\mathfrak' in version `bold'
(Font)                  U/euf/m/n --> U/euf/b/n on input line 106.
))
\c@definition=\count325
 (/data0/yejinxuan/software/TinyTeX/.TinyTeX/texmf-dist/tex/latex/tools/bm.sty
Package: bm 2025/10/21 v1.2g Bold Symbol Support (DPC/FMi)
\symboldoperators=\mathgroup6
\symboldletters=\mathgroup7
\symboldsymbols=\mathgroup8
Package bm Info: No bold for \OMX/cmex/m/n, using \pmb.
Package bm Info: No bold for \U/msa/m/n, using \pmb.
Package bm Info: No bold for \U/msb/m/n, using \pmb.
LaTeX Font Info:    Redeclaring math alphabet \mathbf on input line 149.
) (/data0/yejinxuan/software/TinyTeX/.TinyTeX/texmf-dist/tex/latex/multirow/multirow.sty
Package: multirow 2024/11/12 v2.9 Span multiple rows of a table
\multirow@colwidth=\skip62
\multirow@cntb=\count326
\multirow@dima=\skip63
\bigstrutjot=\dimen257
)
LaTeX Font Info:    Trying to load font information for T1+ntxtlf on input line 170.
 (/data0/yejinxuan/software/TinyTeX/.TinyTeX/texmf-dist/tex/latex/newtx/t1ntxtlf.fd
File: t1ntxtlf.fd 2021/05/24 v1.1 font definition file for T1/ntx/tlf
)
LaTeX Font Info:    Font shape `T1/ntxtlf/m/n' will be
(Font)              scaled to size 10.0pt on input line 170.
 (./AnonymousSubmission2027.aux

LaTeX Warning: Label `fig:spectrum' multiply defined.


LaTeX Warning: Label `fig:spectrum' multiply defined.


LaTeX Warning: Label `fig:spectrum' multiply defined.

)
\openout1 = `AnonymousSubmission2027.aux'.

LaTeX Font Info:    Checking defaults for OML/cmm/m/it on input line 170.
LaTeX Font Info:    ... okay on input line 170.
LaTeX Font Info:    Checking defaults for OMS/cmsy/m/n on input line 170.
LaTeX Font Info:    ... okay on input line 170.
LaTeX Font Info:    Checking defaults for OT1/cmr/m/n on input line 170.
LaTeX Font Info:    ... okay on input line 170.
LaTeX Font Info:    Checking defaults for T1/cmr/m/n on input line 170.
LaTeX Font Info:    ... okay on input line 170.
LaTeX Font Info:    Checking defaults for TS1/cmr/m/n on input line 170.
LaTeX Font Info:    ... okay on input line 170.
LaTeX Font Info:    Checking defaults for OMX/cmex/m/n on input line 170.
LaTeX Font Info:    ... okay on input line 170.
LaTeX Font Info:    Checking defaults for U/cmr/m/n on input line 170.
LaTeX Font Info:    ... okay on input line 170.
 (/data0/yejinxuan/software/TinyTeX/.TinyTeX/texmf-dist/tex/context/base/mkii/supp-pdf.mkii
[Loading MPS to PDF converter (version 2006.09.02).]
\scratchcounter=\count327
\scratchdimen=\dimen258
\scratchbox=\box59
\nofMPsegments=\count328
\nofMParguments=\count329
\everyMPshowfont=\toks36
\MPscratchCnt=\count330
\MPscratchDim=\dimen259
\MPnumerator=\count331
\makeMPintoPDFobject=\count332
\everyMPtoPDFconversion=\toks37
) (/data0/yejinxuan/software/TinyTeX/.TinyTeX/texmf-dist/tex/latex/epstopdf-pkg/epstopdf-base.sty
Package: epstopdf-base 2020-01-24 v2.11 Base part for package epstopdf
Package epstopdf-base Info: Redefining graphics rule for `.eps' on input line 485.
 (/data0/yejinxuan/software/TinyTeX/.TinyTeX/texmf-dist/tex/latex/latexconfig/epstopdf-sys.cfg
File: epstopdf-sys.cfg 2010/07/13 v1.3 Configuration of (r)epstopdf for TeX Live
))
\c@mv@tabular=\count333
\c@mv@boldtabular=\count334
Package caption Info: Begin \AtBeginDocument code.
Package caption Info: float package is loaded.
Package caption Info: listings package is loaded.
Package caption Info: End \AtBeginDocument code.
Package newfloat Info: `float' package detected.
\c@lstlisting=\count335
\c@aaai@eqfn=\count336
\c@aaai@corrfn=\count337
\titlearea=\box60
LaTeX Font Info:    Font shape `T1/ntxtlf/m/n' will be
(Font)              scaled to size 14.4pt on input line 172.
LaTeX Font Info:    Font shape `T1/ntxtlf/b/n' will be
(Font)              scaled to size 14.4pt on input line 172.
LaTeX Font Info:    Font shape `T1/ntxtlf/m/n' will be
(Font)              scaled to size 12.0pt on input line 172.
LaTeX Font Info:    Font shape `T1/ntxtlf/b/n' will be
(Font)              scaled to size 12.0pt on input line 172.
\actualheight=\skip64
LaTeX Font Info:    Font shape `T1/ntxtlf/m/n' will be
(Font)              scaled to size 9.0pt on input line 172.
LaTeX Font Info:    Font shape `T1/ntxtlf/b/n' will be
(Font)              scaled to size 10.0pt on input line 174.
LaTeX Font Info:    Font shape `T1/ntxtlf/b/n' will be
(Font)              scaled to size 9.0pt on input line 176.
LaTeX Font Info:    Trying to load font information for U+msa on input line 176.
 (/data0/yejinxuan/software/TinyTeX/.TinyTeX/texmf-dist/tex/latex/amsfonts/umsa.fd
File: umsa.fd 2013/01/14 v3.01 AMS symbols A
)
LaTeX Font Info:    Trying to load font information for U+msb on input line 176.
 (/data0/yejinxuan/software/TinyTeX/.TinyTeX/texmf-dist/tex/latex/amsfonts/umsb.fd
File: umsb.fd 2013/01/14 v3.01 AMS symbols B
)
<fig2_grad_conflict.png, id=1, 491.1951pt x 188.1429pt>
File: fig2_grad_conflict.png Graphic file (type png)
<use fig2_grad_conflict.png>
Package pdftex.def Info: fig2_grad_conflict.png  used on input line 199.
(pdftex.def)             Requested size: 239.39438pt x 91.69417pt.
 [1{/data0/yejinxuan/software/TinyTeX/.TinyTeX/texmf-var/fonts/map/pdftex/updmap/pdftex.map}{/data0/yejinxuan/software/TinyTeX/.TinyTeX/texmf-dist/fonts/enc/dvips/newtx/ntx-ec-tlf.enc}



 <./fig2_grad_conflict.png>]
Underfull \hbox (badness 1688) in paragraph at lines 210--211
\T1/ntxtlf/m/n/10 ory mod-el-ing frame-work for se-quen-tial rec-om-men-da-
 []

LaTeX Font Info:    Trying to load font information for TS1+ntxtlf on input line 215.
(/data0/yejinxuan/software/TinyTeX/.TinyTeX/texmf-dist/tex/latex/newtx/ts1ntxtlf.fd
File: ts1ntxtlf.fd 2015/01/18 v1.0 fd file for TS1/ntxtlf
)
LaTeX Font Info:    Font shape `TS1/ntxtlf/m/n' will be
(Font)              scaled to size 10.0pt on input line 215.
LaTeX Font Info:    Font shape `T1/ntxtlf/m/n' will be
(Font)              scaled to size 10.95pt on input line 223.
LaTeX Font Info:    Font shape `T1/ntxtlf/b/n' will be
(Font)              scaled to size 10.95pt on input line 223.
<fracwork.png, id=11, 1699.34875pt x 932.48375pt>
File: fracwork.png Graphic file (type png)
<use fracwork.png>
Package pdftex.def Info: fracwork.png  used on input line 230.
(pdftex.def)             Requested size: 505.89pt x 277.58455pt.
LaTeX Font Info:    Font shape `T1/ntxtlf/m/n' will be
(Font)              scaled to size 7.0pt on input line 249.
LaTeX Font Info:    Font shape `T1/ntxtlf/m/n' will be
(Font)              scaled to size 5.0pt on input line 249.
 [2{/data0/yejinxuan/software/TinyTeX/.TinyTeX/texmf-dist/fonts/enc/dvips/tex-gyre/q-ts1.enc}]
Underfull \hbox (badness 3128) in paragraph at lines 273--274
 \T1/ntxtlf/b/n/10 Be-hav-ior Re-con-struc-tion \T1/ntxtlf/m/n/10 Fi-nally, the re-fined high-
 []


Underfull \hbox (badness 1033) in paragraph at lines 273--274
\T1/ntxtlf/m/n/10 trends and re-con-structed through the In-verse Dis-crete
 []

[3 <./fracwork.png (PNG copy)>]
Underfull \hbox (badness 1521) in paragraph at lines 316--318
\T1/ntxtlf/m/n/10 where $\OML/cmm/m/it/10 ^^O$ \T1/ntxtlf/m/n/10 is a small con-stant for nu-mer-i-cal sta-bil-ity.
 []


Underfull \hbox (badness 1253) in paragraph at lines 367--370
 \T1/ntxtlf/b/n/10 De-cou-pled Re-trieval and Rep-re-sen-ta-tion \T1/ntxtlf/m/n/10 Given the
 []

[4]
Overfull \hbox (1.18433pt too wide) detected at line 456
[]\OMS/cmsy/m/n/10 L[] \OT1/cmr/m/n/10 = \OMS/cmsy/m/n/10 ^^@ [] []\OML/cmm/m/it/10 ;
 []


Overfull \hbox (6.97083pt too wide) in paragraph at lines 518--557
 [][] 
 []


Underfull \hbox (badness 10000) in paragraph at lines 630--631
 \T1/ntxtlf/b/n/10 Eval-u-a-tion Met-rics \T1/ntxtlf/m/n/10 Fol-low-ing pre-vi-ous stud-ies
 []


Underfull \hbox (badness 4467) in paragraph at lines 630--631
\T1/ntxtlf/m/n/10 [11,18,36,42], we adopt the full-ranking eval-u-a-tion
 []


Underfull \hbox (badness 2229) in paragraph at lines 630--631
\T1/ntxtlf/m/n/10 pro-to-col and re-port Re-call@K and NDCG@K with
 []

[5]
Underfull \hbox (badness 2460) in paragraph at lines 642--643
[]\T1/ntxtlf/m/n/10 Further anal-y-sis on dif-fer-ent datasets re-veals that
 []


Underfull \vbox (badness 6016) has occurred while \output is active []

 [6]
<Hyper_parameter analysis.png, id=43, 935.495pt x 427.5975pt>
File: Hyper_parameter analysis.png Graphic file (type png)
<use Hyper_parameter analysis.png>
Package pdftex.def Info: Hyper_parameter analysis.png  used on input line 658.
(pdftex.def)             Requested size: 239.39438pt x 109.4176pt.
<case1_final.png, id=44, 454.5783pt x 248.127pt>
File: case1_final.png Graphic file (type png)
<use case1_final.png>
Package pdftex.def Info: case1_final.png  used on input line 666.
(pdftex.def)             Requested size: 239.39438pt x 130.67372pt.
<case3_final.png, id=45, 847.2453pt x 426.6339pt>
File: case3_final.png Graphic file (type png)
<use case3_final.png>
Package pdftex.def Info: case3_final.png  used on input line 683.
(pdftex.def)             Requested size: 239.39438pt x 120.54382pt.
 (./AnonymousSubmission2027.bbl

Package natbib Warning: Empty `thebibliography' environment on input line 4.

) [7 <./Hyper_parameter analysis.png (PNG copy)> <./case1_final.png> <./case3_final.png>] [8

] (./AnonymousSubmission2027.aux)
 ***********
LaTeX2e <2026-06-01>
L3 programming layer <2020/03/25>
 ***********


LaTeX Warning: There were multiply-defined labels.

 ) 
Here is how much of TeX's memory you used:
 9188 strings out of 467168
 147863 string characters out of 5399418
 601058 words of memory out of 5000000
 38284 multiletter control sequences out of 15000+600000
 672696 words of font info for 89 fonts, out of 8000000 for 9000
 1141 hyphenation exceptions out of 8191
 89i,10n,117p,1376b,433s stack positions out of 10000i,1000n,20000p,200000b,200000s
</data0/yejinxuan/software/TinyTeX/.TinyTeX/texmf-dist/fonts/type1/public/amsfonts/cm/cmbx10.pfb></data0/yejinxuan/software/TinyTeX/.TinyTeX/texmf-dist/fonts/type1/public/amsfonts/cm/cmex10.pfb></data0/yejinxuan/software/TinyTeX/.TinyTeX/texmf-dist/fonts/type1/public/amsfonts/cmextra/cmex7.pfb></data0/yejinxuan/software/TinyTeX/.TinyTeX/texmf-dist/fonts/type1/public/amsfonts/cm/cmmi10.pfb></data0/yejinxuan/software/TinyTeX/.TinyTeX/texmf-dist/fonts/type1/public/amsfonts/cm/cmmi5.pfb></data0/yejinxuan/software/TinyTeX/.TinyTeX/texmf-dist/fonts/type1/public/amsfonts/cm/cmmi7.pfb></data0/yejinxuan/software/TinyTeX/.TinyTeX/texmf-dist/fonts/type1/public/amsfonts/cm/cmmib10.pfb></data0/yejinxuan/software/TinyTeX/.TinyTeX/texmf-dist/fonts/type1/public/amsfonts/cmextra/cmmib7.pfb></data0/yejinxuan/software/TinyTeX/.TinyTeX/texmf-dist/fonts/type1/public/amsfonts/cm/cmr10.pfb></data0/yejinxuan/software/TinyTeX/.TinyTeX/texmf-dist/fonts/type1/public/amsfonts/cm/cmr6.pfb></data0/yejinxuan/software/TinyTeX/.TinyTeX/texmf-dist/fonts/type1/public/amsfonts/cm/cmr7.pfb></data0/yejinxuan/software/TinyTeX/.TinyTeX/texmf-dist/fonts/type1/public/amsfonts/cm/cmsy10.pfb></data0/yejinxuan/software/TinyTeX/.TinyTeX/texmf-dist/fonts/type1/public/amsfonts/cm/cmsy5.pfb></data0/yejinxuan/software/TinyTeX/.TinyTeX/texmf-dist/fonts/type1/public/amsfonts/cm/cmsy7.pfb></data0/yejinxuan/software/TinyTeX/.TinyTeX/texmf-dist/fonts/type1/public/amsfonts/symbols/msbm10.pfb></data0/yejinxuan/software/TinyTeX/.TinyTeX/texmf-dist/fonts/type1/public/tex-gyre/qtmr.pfb></data0/yejinxuan/software/TinyTeX/.TinyTeX/texmf-dist/fonts/type1/public/newtx/ztmb.pfb></data0/yejinxuan/software/TinyTeX/.TinyTeX/texmf-dist/fonts/type1/public/newtx/ztmr.pfb>
Output written on AnonymousSubmission2027.pdf (8 pages, 3883221 bytes).
PDF statistics:
 132 PDF objects out of 1000 (max. 8388607)
 77 compressed objects within 1 object stream
 0 named destinations out of 1000 (max. 500000)
 26 words of extra memory for PDF output out of 10000 (max. 10000000)

