This is pdfTeX, Version 3.141592653-2.6-1.40.29 (TeX Live 2026) (preloaded format=pdflatex 2026.7.9)  9 JUL 2026 11:04
entering extended mode
 restricted \write18 enabled.
 file:line:error style messages enabled.
 %&-line parsing enabled.
**/data0/yejinxuan/workspace/CEBNet/AuthorKit27/CameraReady2027.tex
(/data0/yejinxuan/workspace/CEBNet/AuthorKit27/CameraReady2027.tex
LaTeX2e <2026-06-01>
L3 programming layer <2026-06-18>
(/data0/yejinxuan/software/TinyTeX/.TinyTeX/texmf-dist/tex/latex/base/article.cls
Document Class: article 2025/01/22 v1.4n Standard LaTeX document class
(/data0/yejinxuan/software/TinyTeX/.TinyTeX/texmf-dist/tex/latex/base/size10.clo
File: size10.clo 2025/01/22 v1.4n Standard LaTeX file (size option)
)
\c@part=\count276
\c@section=\count277
\c@subsection=\count278
\c@subsubsection=\count279
\c@paragraph=\count280
\c@subparagraph=\count281
\c@figure=\count282
\c@table=\count283
\abovecaptionskip=\skip49
\belowcaptionskip=\skip50
\bibindent=\dimen150
) (./aaai2027.sty
Package: aaai2027 2027/05/04 AAAI 2027 Submission format

Conference Style for AAAI for LaTeX 2e
(/data0/yejinxuan/software/TinyTeX/.TinyTeX/texmf-dist/tex/generic/iftex/iftex.sty
Package: iftex 2024/12/12 v1.0g TeX engine tests
) (/data0/yejinxuan/software/TinyTeX/.TinyTeX/texmf-dist/tex/latex/base/fontenc.sty
Package: fontenc 2025/07/18 v2.1d Standard LaTeX package
) (/data0/yejinxuan/software/TinyTeX/.TinyTeX/texmf-dist/tex/latex/newtx/newtxtext.sty
Package: newtxtext 2024/04/01 v1.744(Michael Sharpe) latex and unicode latex support for TeXGyreTermesX
 `newtxtext' v1.744, 2024/04/01 Text macros taking advantage of TeXGyre Termes and its extensions (msharpe) (/data0/yejinxuan/software/TinyTeX/.TinyTeX/texmf-dist/tex/latex/xpatch/xpatch.sty (/data0/yejinxuan/software/TinyTeX/.TinyTeX/texmf-dist/tex/latex/l3kernel/expl3.sty
Package: expl3 2026-06-18 L3 programming layer (loader) 
 (/data0/yejinxuan/software/TinyTeX/.TinyTeX/texmf-dist/tex/latex/l3backend/l3backend-pdftex.def
File: l3backend-pdftex.def 2026-02-18 L3 backend support: PDF output (pdfTeX)
\l__color_backend_stack_int=\count284
))
Package: xpatch 2020/03/25 v0.3a Extending etoolbox patching commands
 (/data0/yejinxuan/software/TinyTeX/.TinyTeX/texmf-dist/tex/latex/l3packages/xparse/xparse.sty
Package: xparse 2025-10-09 L3 Experimental document command parser
) (/data0/yejinxuan/software/TinyTeX/.TinyTeX/texmf-dist/tex/latex/etoolbox/etoolbox.sty
Package: etoolbox 2025/10/02 v2.5m e-TeX tools for LaTeX (JAW)
\etb@tempcnta=\count285
)) (/data0/yejinxuan/software/TinyTeX/.TinyTeX/texmf-dist/tex/latex/xcolor/xcolor.sty
Package: xcolor 2024/09/29 v3.02 LaTeX color extensions (UK)
 (/data0/yejinxuan/software/TinyTeX/.TinyTeX/texmf-dist/tex/latex/graphics-cfg/color.cfg
File: color.cfg 2016/01/02 v1.6 sample color configuration
)
Package xcolor Info: Driver file: pdftex.def on input line 274.
 (/data0/yejinxuan/software/TinyTeX/.TinyTeX/texmf-dist/tex/latex/graphics-def/pdftex.def
File: pdftex.def 2025/09/29 v1.2d Graphics/color driver for pdftex
) (/data0/yejinxuan/software/TinyTeX/.TinyTeX/texmf-dist/tex/latex/graphics/mathcolor.ltx)
Package xcolor Info: Model `cmy' substituted by `cmy0' on input line 1349.
Package xcolor Info: Model `hsb' substituted by `rgb' on input line 1353.
Package xcolor Info: Model `RGB' extended on input line 1365.
Package xcolor Info: Model `HTML' substituted by `rgb' on input line 1367.
Package xcolor Info: Model `Hsb' substituted by `hsb' on input line 1368.
Package xcolor Info: Model `tHsb' substituted by `hsb' on input line 1369.
Package xcolor Info: Model `HSB' substituted by `hsb' on input line 1370.
Package xcolor Info: Model `Gray' substituted by `gray' on input line 1371.
Package xcolor Info: Model `wave' substituted by `hsb' on input line 1372.
) (/data0/yejinxuan/software/TinyTeX/.TinyTeX/texmf-dist/tex/latex/xkeyval/xkeyval.sty
Package: xkeyval 2025/11/04 v2.10 package option processing (HA)
 (/data0/yejinxuan/software/TinyTeX/.TinyTeX/texmf-dist/tex/generic/xkeyval/xkeyval.tex (/data0/yejinxuan/software/TinyTeX/.TinyTeX/texmf-dist/tex/generic/xkeyval/xkvutils.tex
\XKV@toks=\toks17
\XKV@tempa@toks=\toks18
\XKV@tempb@toks=\toks19
 (/data0/yejinxuan/software/TinyTeX/.TinyTeX/texmf-dist/tex/generic/xkeyval/keyval.tex))
\XKV@depth=\count286
File: xkeyval.tex 2014/12/03 v2.7a key=value parser (HA)
)) (/data0/yejinxuan/software/TinyTeX/.TinyTeX/texmf-dist/tex/latex/base/textcomp.sty
Package: textcomp 2024/04/24 v2.1b Standard LaTeX package
) (/data0/yejinxuan/software/TinyTeX/.TinyTeX/texmf-dist/tex/generic/xstring/xstring.sty (/data0/yejinxuan/software/TinyTeX/.TinyTeX/texmf-dist/tex/generic/xstring/xstring.tex
\xs_counta=\count287
\xs_countb=\count288
)
Package: xstring 2023/08/22 v1.86 String manipulations (CT)
) (/data0/yejinxuan/software/TinyTeX/.TinyTeX/texmf-dist/tex/latex/base/ifthen.sty
Package: ifthen 2024/03/16 v1.1e Standard LaTeX ifthen package (DPC)
) (/data0/yejinxuan/software/TinyTeX/.TinyTeX/texmf-dist/tex/latex/carlisle/scalefnt.sty)
LaTeX Font Info:    Setting ntxLF sub-encoding to TS1/0 on input line 24.
LaTeX Font Info:    Setting ntxTLF sub-encoding to TS1/0 on input line 24.
LaTeX Font Info:    Setting ntxOsF sub-encoding to TS1/0 on input line 24.
LaTeX Font Info:    Setting ntxTOsF sub-encoding to TS1/0 on input line 24.
 (/data0/yejinxuan/software/TinyTeX/.TinyTeX/texmf-dist/tex/generic/kastrup/binhex.tex)
\ntx@tmpcnta=\count289
\ntx@cnt=\count290
 (/data0/yejinxuan/software/TinyTeX/.TinyTeX/texmf-dist/tex/latex/fontaxes/fontaxes.sty
Package: fontaxes 2026-01-02 v2.0.2 Font selection axes (deprecated)
Applying: [2024-11-01] Use figureversions if present on input line 74.
 (/data0/yejinxuan/software/TinyTeX/.TinyTeX/texmf-dist/tex/latex/figureversions/figureversions.sty
Package: figureversions 2025-04-29 v1.0.1 Figure versions
)
Already applied: [0000-00-00] Fall back to v1 on input line 76.
)
\tx@sixem=\dimen151
\tx@y=\dimen152
\tx@x=\dimen153
\tx@tmpdima=\dimen154
\tx@tmpdimb=\dimen155
\tx@tmpdimc=\dimen156
\tx@tmpdimd=\dimen157
\tx@tmpdime=\dimen158
\tx@tmpdimf=\dimen159
\tx@dimA=\dimen160
\tx@dimAA=\dimen161
\tx@dimB=\dimen162
\tx@dimBB=\dimen163
\tx@dimC=\dimen164
LaTeX Info: Redefining \oldstylenums on input line 902.
) (/data0/yejinxuan/software/TinyTeX/.TinyTeX/texmf-dist/tex/latex/psnfss/helvet.sty
Package: helvet 2020/03/25 PSNFSS-v9.3 (WaS) 
) (/data0/yejinxuan/software/TinyTeX/.TinyTeX/texmf-dist/tex/latex/psnfss/courier.sty
Package: courier 2020/03/25 PSNFSS-v9.3 (WaS) 
) (/data0/yejinxuan/software/TinyTeX/.TinyTeX/texmf-dist/tex/latex/placeins/placeins.sty
Package: placeins 2005/04/18  v 2.2
)
\titlebox=\skip51
\aaai@thanksins=\insert252
\aaai@copyrightins=\insert251
) (/data0/yejinxuan/software/TinyTeX/.TinyTeX/texmf-dist/tex/latex/url/url.sty
\Urlmuskip=\muskip17
Package: url 2013/09/16  ver 3.4  Verb mode for urls, etc.
) (/data0/yejinxuan/software/TinyTeX/.TinyTeX/texmf-dist/tex/latex/graphics/graphicx.sty
Package: graphicx 2026-05-17 v1.2e Enhanced LaTeX Graphics (DPC,SPQR)
 (/data0/yejinxuan/software/TinyTeX/.TinyTeX/texmf-dist/tex/latex/graphics/graphics.sty
Package: graphics 2026-05-17 v1.4h Standard LaTeX Graphics (DPC,SPQR)
 (/data0/yejinxuan/software/TinyTeX/.TinyTeX/texmf-dist/tex/latex/graphics/trig.sty
Package: trig 2023/12/02 v1.11 sin cos tan (DPC)
) (/data0/yejinxuan/software/TinyTeX/.TinyTeX/texmf-dist/tex/latex/graphics-cfg/graphics.cfg
File: graphics.cfg 2016/06/04 v1.11 sample graphics configuration
)
Package graphics Info: Driver file: pdftex.def on input line 106.
)
\Gin@req@height=\dimen165
\Gin@req@width=\dimen166
) (/data0/yejinxuan/software/TinyTeX/.TinyTeX/texmf-dist/tex/latex/natbib/natbib.sty
Package: natbib 2010/09/13 8.31b (PWD, AO)
\bibhang=\skip52
\bibsep=\skip53
LaTeX Info: Redefining \cite on input line 694.
\c@NAT@ctr=\count291
) (/data0/yejinxuan/software/TinyTeX/.TinyTeX/texmf-dist/tex/latex/caption/caption.sty
Package: caption 2023/08/05 v3.6o Customizing captions (AR)
 (/data0/yejinxuan/software/TinyTeX/.TinyTeX/texmf-dist/tex/latex/caption/caption3.sty
Package: caption3 2023/07/31 v2.4d caption3 kernel (AR)
\caption@tempdima=\dimen167
\captionmargin=\dimen168
\caption@leftmargin=\dimen169
\caption@rightmargin=\dimen170
\caption@width=\dimen171
\caption@indent=\dimen172
\caption@parindent=\dimen173
\caption@hangindent=\dimen174
Package caption Info: Standard document class detected.
)
\c@caption@flags=\count292
\c@continuedfloat=\count293
) (/data0/yejinxuan/software/TinyTeX/.TinyTeX/texmf-dist/tex/latex/algorithms/algorithm.sty
Package: algorithm 2009/08/24 v0.1 Document Style `algorithm' - floating environment
 (/data0/yejinxuan/software/TinyTeX/.TinyTeX/texmf-dist/tex/latex/float/float.sty
Package: float 2001/11/08 v1.3d Float enhancements (AL)
\c@float@type=\count294
\float@exts=\toks20
\float@box=\box53
\@float@everytoks=\toks21
\@floatcapt=\box54
)
\@float@every@algorithm=\toks22
\c@algorithm=\count295
) (/data0/yejinxuan/software/TinyTeX/.TinyTeX/texmf-dist/tex/latex/algorithms/algorithmic.sty
Package: algorithmic 2009/08/24 v0.1 Document Style `algorithmic'
\c@ALC@unique=\count296
\c@ALC@line=\count297
\c@ALC@rem=\count298
\c@ALC@depth=\count299
\ALC@tlm=\skip54
\algorithmicindent=\skip55
) (/data0/yejinxuan/software/TinyTeX/.TinyTeX/texmf-dist/tex/latex/newfloat/newfloat.sty
Package: newfloat 2023/10/01 v1.2 Defining new floating environments (AR)
) (/data0/yejinxuan/software/TinyTeX/.TinyTeX/texmf-dist/tex/latex/listings/listings.sty
\lst@mode=\count300
\lst@gtempboxa=\box55
\lst@token=\toks23
\lst@length=\count301
\lst@currlwidth=\dimen175
\lst@column=\count302
\lst@pos=\count303
\lst@lostspace=\dimen176
\lst@width=\dimen177
\lst@newlines=\count304
\lst@lineno=\count305
\lst@maxwidth=\dimen178
 (/data0/yejinxuan/software/TinyTeX/.TinyTeX/texmf-dist/tex/latex/listings/lstpatch.sty
File: lstpatch.sty 2025/11/14 1.11b (Carsten Heinz)
) (/data0/yejinxuan/software/TinyTeX/.TinyTeX/texmf-dist/tex/latex/listings/lstmisc.sty
File: lstmisc.sty 2025/11/14 1.11b (Carsten Heinz)
\c@lstnumber=\count306
\lst@skipnumbers=\count307
\lst@framebox=\box56
) (/data0/yejinxuan/software/TinyTeX/.TinyTeX/texmf-dist/tex/latex/listings/listings.cfg
File: listings.cfg 2025/11/14 1.11b listings configuration
))
Package: listings 2025/11/14 1.11b (Carsten Heinz)
\@float@every@listing=\toks24
\c@listing=\count308
 (/data0/yejinxuan/software/TinyTeX/.TinyTeX/texmf-dist/tex/latex/booktabs/booktabs.sty
Package: booktabs 2020/01/12 v1.61803398 Publication quality tables
\heavyrulewidth=\dimen179
\lightrulewidth=\dimen180
\cmidrulewidth=\dimen181
\belowrulesep=\dimen182
\belowbottomsep=\dimen183
\aboverulesep=\dimen184
\abovetopsep=\dimen185
\cmidrulesep=\dimen186
\cmidrulekern=\dimen187
\defaultaddspace=\dimen188
\@cmidla=\count309
\@cmidlb=\count310
\@aboverulesep=\dimen189
\@belowrulesep=\dimen190
\@thisruleclass=\count311
\@lastruleclass=\count312
\@thisrulewidth=\dimen191
)
LaTeX Font Info:    Trying to load font information for T1+ntxtlf on input line 158.
 (/data0/yejinxuan/software/TinyTeX/.TinyTeX/texmf-dist/tex/latex/newtx/t1ntxtlf.fd
File: t1ntxtlf.fd 2021/05/24 v1.1 font definition file for T1/ntx/tlf
)
LaTeX Font Info:    Font shape `T1/ntxtlf/m/n' will be
(Font)              scaled to size 10.0pt on input line 158.
 (./CameraReady2027.aux)
\openout1 = `CameraReady2027.aux'.

LaTeX Font Info:    Checking defaults for OML/cmm/m/it on input line 158.
LaTeX Font Info:    ... okay on input line 158.
LaTeX Font Info:    Checking defaults for OMS/cmsy/m/n on input line 158.
LaTeX Font Info:    ... okay on input line 158.
LaTeX Font Info:    Checking defaults for OT1/cmr/m/n on input line 158.
LaTeX Font Info:    ... okay on input line 158.
LaTeX Font Info:    Checking defaults for T1/cmr/m/n on input line 158.
LaTeX Font Info:    ... okay on input line 158.
LaTeX Font Info:    Checking defaults for TS1/cmr/m/n on input line 158.
LaTeX Font Info:    ... okay on input line 158.
LaTeX Font Info:    Checking defaults for OMX/cmex/m/n on input line 158.
LaTeX Font Info:    ... okay on input line 158.
LaTeX Font Info:    Checking defaults for U/cmr/m/n on input line 158.
LaTeX Font Info:    ... okay on input line 158.
 (/data0/yejinxuan/software/TinyTeX/.TinyTeX/texmf-dist/tex/context/base/mkii/supp-pdf.mkii
[Loading MPS to PDF converter (version 2006.09.02).]
\scratchcounter=\count313
\scratchdimen=\dimen192
\scratchbox=\box57
\nofMPsegments=\count314
\nofMParguments=\count315
\everyMPshowfont=\toks25
\MPscratchCnt=\count316
\MPscratchDim=\dimen193
\MPnumerator=\count317
\makeMPintoPDFobject=\count318
\everyMPtoPDFconversion=\toks26
) (/data0/yejinxuan/software/TinyTeX/.TinyTeX/texmf-dist/tex/latex/epstopdf-pkg/epstopdf-base.sty
Package: epstopdf-base 2020-01-24 v2.11 Base part for package epstopdf
Package epstopdf-base Info: Redefining graphics rule for `.eps' on input line 485.
 (/data0/yejinxuan/software/TinyTeX/.TinyTeX/texmf-dist/tex/latex/latexconfig/epstopdf-sys.cfg
File: epstopdf-sys.cfg 2010/07/13 v1.3 Configuration of (r)epstopdf for TeX Live
))
\c@mv@tabular=\count319
\c@mv@boldtabular=\count320
Package caption Info: Begin \AtBeginDocument code.
Package caption Info: float package is loaded.
Package caption Info: listings package is loaded.
Package caption Info: End \AtBeginDocument code.
Package newfloat Info: `float' package detected.
\c@lstlisting=\count321
\c@aaai@eqfn=\count322
\c@aaai@corrfn=\count323
\titlearea=\box58
LaTeX Font Info:    Font shape `T1/ntxtlf/m/n' will be
(Font)              scaled to size 14.4pt on input line 160.
LaTeX Font Info:    Font shape `T1/ntxtlf/b/n' will be
(Font)              scaled to size 14.4pt on input line 160.
LaTeX Font Info:    External font `cmex10' loaded for size
(Font)              <14.4> on input line 160.
LaTeX Font Info:    External font `cmex10' loaded for size
(Font)              <7> on input line 160.
LaTeX Font Info:    Font shape `T1/ntxtlf/b/n' will be
(Font)              scaled to size 10.0pt on input line 160.
LaTeX Font Info:    Font shape `T1/ntxtlf/m/n' will be
(Font)              scaled to size 12.0pt on input line 160.
LaTeX Font Info:    Font shape `T1/ntxtlf/b/n' will be
(Font)              scaled to size 12.0pt on input line 160.
LaTeX Font Info:    External font `cmex10' loaded for size
(Font)              <12> on input line 160.
LaTeX Font Info:    External font `cmex10' loaded for size
(Font)              <8> on input line 160.
LaTeX Font Info:    External font `cmex10' loaded for size
(Font)              <6> on input line 160.
LaTeX Font Info:    Font shape `T1/ntxtlf/b/n' will be
(Font)              scaled to size 8.0pt on input line 160.
LaTeX Font Info:    Font shape `T1/ntxtlf/m/n' will be
(Font)              scaled to size 8.0pt on input line 160.
LaTeX Font Info:    External font `cmex10' loaded for size
(Font)              <5> on input line 160.
LaTeX Font Info:    Font shape `T1/ntxtlf/m/n' will be
(Font)              scaled to size 7.0pt on input line 160.
\actualheight=\skip56
LaTeX Font Info:    Trying to load font information for TS1+ntxtlf on input line 160.
 (/data0/yejinxuan/software/TinyTeX/.TinyTeX/texmf-dist/tex/latex/newtx/ts1ntxtlf.fd
File: ts1ntxtlf.fd 2015/01/18 v1.0 fd file for TS1/ntxtlf
)
LaTeX Font Info:    Font shape `TS1/ntxtlf/m/n' will be
(Font)              scaled to size 8.0pt on input line 160.
LaTeX Font Info:    Font shape `T1/ntxtlf/m/n' will be
(Font)              scaled to size 9.0pt on input line 160.
LaTeX Font Info:    External font `cmex10' loaded for size
(Font)              <9> on input line 160.
LaTeX Font Info:    Font shape `T1/ntxtlf/m/n' will be
(Font)              scaled to size 6.0pt on input line 160.
LaTeX Font Info:    Font shape `TS1/ntxtlf/m/n' will be
(Font)              scaled to size 6.0pt on input line 160.
LaTeX Font Info:    Font shape `TS1/ntxtlf/m/n' will be
(Font)              scaled to size 9.0pt on input line 160.
LaTeX Font Info:    Font shape `TS1/ntxtlf/m/n' will be
(Font)              scaled to size 10.0pt on input line 182.
 [1{/data0/yejinxuan/software/TinyTeX/.TinyTeX/texmf-var/fonts/map/pdftex/updmap/pdftex.map}{/data0/yejinxuan/software/TinyTeX/.TinyTeX/texmf-dist/fonts/enc/dvips/newtx/ntx-ec-tlf.enc}{/data0/yejinxuan/software/TinyTeX/.TinyTeX/texmf-dist/fonts/enc/dvips/tex-gyre/q-ts1.enc}



]
LaTeX Font Info:    Trying to load font information for T1+pcr on input line 206.
 (/data0/yejinxuan/software/TinyTeX/.TinyTeX/texmf-dist/tex/latex/psnfss/t1pcr.fd
File: t1pcr.fd 2001/06/04 font definitions for T1/pcr.
)
LaTeX Font Info:    Font shape `T1/ntxtlf/m/n' will be
(Font)              scaled to size 10.95pt on input line 250.
LaTeX Font Info:    Font shape `T1/ntxtlf/b/n' will be
(Font)              scaled to size 10.95pt on input line 250.
 [2{/data0/yejinxuan/software/TinyTeX/.TinyTeX/texmf-dist/fonts/enc/dvips/base/8r.enc}]
LaTeX Font Info:    Font shape `T1/ntxtlf/m/it' will be
(Font)              scaled to size 10.0pt on input line 290.
 [3] [4]
Overfull \hbox (8.80545pt too wide) in paragraph at lines 447--447
 []    \T1/pcr/m/n/7 AuthorOne\equalcontrib\textsuperscript{\rm 1,\rm 2},[] 
 []

LaTeX Font Info:    External font `cmex10' loaded for size
(Font)              <10.95> on input line 455.
[5]
<Figures/figure1.pdf, id=24, 250.7769pt x 87.6876pt>
File: Figures/figure1.pdf Graphic file (type pdf)
<use Figures/figure1.pdf>
Package pdftex.def Info: Figures/figure1.pdf  used on input line 529.
(pdftex.def)             Requested size: 215.45348pt x 75.33894pt.
<Figures/figure2.pdf, id=25, 505.89pt x 159.9576pt>
File: Figures/figure2.pdf Graphic file (type pdf)
<use Figures/figure2.pdf>
Package pdftex.def Info: Figures/figure2.pdf  used on input line 536.
(pdftex.def)             Requested size: 404.71353pt x 127.96867pt.

Underfull \vbox (badness 4303) has occurred while \output is active []

 [6 <./Figures/figure1.pdf>]
Underfull \hbox (badness 4266) in paragraph at lines 570--571
 \T1/ntxtlf/b/n/10 Low-Resolution Bitmaps. \T1/ntxtlf/m/n/10 You may not use low-
 []

LaTeX Font Info:    Font shape `T1/ntxtlf/b/n' will be
(Font)              scaled to size 7.0pt on input line 573.
[7 <./Figures/figure2.pdf>] (/data0/yejinxuan/software/TinyTeX/.TinyTeX/texmf-dist/tex/latex/listings/lstlang1.sty
File: lstlang1.sty 2025/11/14 1.11b listings language file
) (/data0/yejinxuan/software/TinyTeX/.TinyTeX/texmf-dist/tex/latex/listings/lstlang2.sty
File: lstlang2.sty 2025/11/14 1.11b listings language file
) [8] [9] (./CameraReady2027.bbl) [10

] (./CameraReady2027.aux)
 ***********
LaTeX2e <2026-06-01>
L3 programming layer <2020/03/25>
 ***********
 ) 
Here is how much of TeX's memory you used:
 8628 strings out of 467168
 139122 string characters out of 5399418
 769994 words of memory out of 5000000
 37766 multiletter control sequences out of 15000+600000
 680976 words of font info for 86 fonts, out of 8000000 for 9000
 1141 hyphenation exceptions out of 8191
 89i,7n,117p,997b,1936s stack positions out of 10000i,1000n,20000p,200000b,200000s
</data0/yejinxuan/software/TinyTeX/.TinyTeX/texmf-dist/fonts/type1/public/amsfonts/cm/cmmi10.pfb></data0/yejinxuan/software/TinyTeX/.TinyTeX/texmf-dist/fonts/type1/public/amsfonts/cm/cmr10.pfb></data0/yejinxuan/software/TinyTeX/.TinyTeX/texmf-dist/fonts/type1/public/tex-gyre/qtmr.pfb></data0/yejinxuan/software/TinyTeX/.TinyTeX/texmf-dist/fonts/type1/urw/courier/ucrb8a.pfb></data0/yejinxuan/software/TinyTeX/.TinyTeX/texmf-dist/fonts/type1/urw/courier/ucrr8a.pfb></data0/yejinxuan/software/TinyTeX/.TinyTeX/texmf-dist/fonts/type1/public/newtx/ztmb.pfb></data0/yejinxuan/software/TinyTeX/.TinyTeX/texmf-dist/fonts/type1/public/newtx/ztmr.pfb></data0/yejinxuan/software/TinyTeX/.TinyTeX/texmf-dist/fonts/type1/public/newtx/ztmri.pfb>
Output written on CameraReady2027.pdf (10 pages, 1561400 bytes).
PDF statistics:
 90 PDF objects out of 1000 (max. 8388607)
 57 compressed objects within 1 object stream
 0 named destinations out of 1000 (max. 500000)
 11 words of extra memory for PDF output out of 10000 (max. 10000000)

